// Jest Snapshot v1, https://goo.gl/fbAQLP

exports[`Preview renders correctly 1`] = `
<DocumentFragment>
  <div
    class="preview"
    style="background-image: url(/src/Assets/pictures/cover-image.jpg); filter: blur(5px);"
  />
  <div
    class="previewContent"
  >
    <div
      class="buttons"
    >
      <a
        class="logo"
        href="/"
      >
        <b>
          netflix
        </b>
        roulette
      </a>
      <button
        class="button button"
        data-testid="addMovie"
        tabindex="0"
      >
        + ADD MOVIE
      </button>
    </div>
    <p>
      FIND YOUR MOVIE
    </p>
    <div
      class="searchBox searchBox"
    >
      <input
        placeholder="What do you want to watch?"
        value=""
      />
      <button
        class="button button"
        data-testid="button"
        tabindex="0"
      >
        SEARCH
      </button>
    </div>
  </div>
</DocumentFragment>
`;
