// Jest Snapshot v1, https://goo.gl/fbAQLP

exports[`NavBar renders correctly 1`] = `
<DocumentFragment>
  <div
    class="navbar"
  >
    <div
      class="buttons"
    >
      <button
        class="button activeButton button"
        tabindex="0"
      >
        ALL
      </button>
      <button
        class="button button"
        tabindex="0"
      >
        DOCUMENTARY
      </button>
      <button
        class="button button"
        tabindex="0"
      >
        COMEDY
      </button>
      <button
        class="button button"
        tabindex="0"
      >
        HORROR
      </button>
      <button
        class="button button"
        tabindex="0"
      >
        CRIME
      </button>
    </div>
    <div
      class="dropDown"
    >
      <span
        class="label"
      >
        SORT BY
      </span>
      <div
        class="container dropdown"
      >
        <button
          class="selectButton select dropdownClose button"
          data-testid="selectButton"
          tabindex="0"
        >
          RELEASE DATE
          <svg />
        </button>
        <ul
          class="selectList close"
        >
          <li>
            <button
              class="option select selectOption"
              type="button"
            >
              RELEASE DATE
            </button>
          </li>
          <li>
            <button
              class="option select"
              type="button"
            >
              RATING
            </button>
          </li>
        </ul>
      </div>
    </div>
  </div>
</DocumentFragment>
`;
