// Jest Snapshot v1, https://goo.gl/fbAQLP

exports[`MultiSelectField should render correctly 1`] = `
<DocumentFragment>
  <span
    class="undefined span"
  />
  <div
    class="layout"
  >
    <div
      class="layout"
      data-testid="multi-select-field-facade"
      role="presentation"
    >
      <div
        class="value"
      >
        Ann Jack
      </div>
      <div
        class="icons"
      >
        <svg
          class="icon"
          data-testid="arrow-icon"
          tabindex="-1"
        />
      </div>
    </div>
    <div
      class="dropdown"
    >
      <div
        class="layout"
      >
        <ul
          class="options"
        >
          <li
            class="option"
          >
            <div
              class="container checkbox"
            >
              <input
                checked=""
                class="checkboxField"
                data-testid="checkbox"
                id="Ann"
                type="checkbox"
                value=""
              />
              <span
                class="checkMark"
              />
              <label
                class="label"
                for="Ann"
              >
                Ann
              </label>
            </div>
          </li>
          <li
            class="option"
          >
            <div
              class="container checkbox"
            >
              <input
                checked=""
                class="checkboxField"
                data-testid="checkbox"
                id="Jack"
                type="checkbox"
                value=""
              />
              <span
                class="checkMark"
              />
              <label
                class="label"
                for="Jack"
              >
                Jack
              </label>
            </div>
          </li>
          <li
            class="option"
          >
            <div
              class="container checkbox"
            >
              <input
                class="checkboxField"
                data-testid="checkbox"
                id="Jason"
                type="checkbox"
                value=""
              />
              <span
                class="checkMark"
              />
              <label
                class="label"
                for="Jason"
              >
                Jason
              </label>
            </div>
          </li>
          <li
            class="option"
          >
            <div
              class="container checkbox"
            >
              <input
                class="checkboxField"
                data-testid="checkbox"
                id="Mary"
                type="checkbox"
                value=""
              />
              <span
                class="checkMark"
              />
              <label
                class="label"
                for="Mary"
              >
                Mary
              </label>
            </div>
          </li>
          <li
            class="option"
          >
            <div
              class="container checkbox"
            >
              <input
                class="checkboxField"
                data-testid="checkbox"
                id="Carlos"
                type="checkbox"
                value=""
              />
              <span
                class="checkMark"
              />
              <label
                class="label"
                for="Carlos"
              >
                Carlos
              </label>
            </div>
          </li>
          <li
            class="option"
          >
            <div
              class="container checkbox"
            >
              <input
                class="checkboxField"
                data-testid="checkbox"
                id="Sara"
                type="checkbox"
                value=""
              />
              <span
                class="checkMark"
              />
              <label
                class="label"
                for="Sara"
              >
                Sara
              </label>
            </div>
          </li>
          <li
            class="option"
          >
            <div
              class="container checkbox"
            >
              <input
                class="checkboxField"
                data-testid="checkbox"
                id="Matt"
                type="checkbox"
                value=""
              />
              <span
                class="checkMark"
              />
              <label
                class="label"
                for="Matt"
              >
                Matt
              </label>
            </div>
          </li>
          <li
            class="option"
          >
            <div
              class="container checkbox"
            >
              <input
                class="checkboxField"
                data-testid="checkbox"
                id="Paul"
                type="checkbox"
                value=""
              />
              <span
                class="checkMark"
              />
              <label
                class="label"
                for="Paul"
              >
                Paul
              </label>
            </div>
          </li>
          <li
            class="option"
          >
            <div
              class="container checkbox"
            >
              <input
                class="checkboxField"
                data-testid="checkbox"
                id="Roberto"
                type="checkbox"
                value=""
              />
              <span
                class="checkMark"
              />
              <label
                class="label"
                for="Roberto"
              >
                Roberto
              </label>
            </div>
          </li>
          <li
            class="option"
          >
            <div
              class="container checkbox"
            >
              <input
                class="checkboxField"
                data-testid="checkbox"
                id="Katherine"
                type="checkbox"
                value=""
              />
              <span
                class="checkMark"
              />
              <label
                class="label"
                for="Katherine"
              >
                Katherine
              </label>
            </div>
          </li>
          <li
            class="option"
          >
            <div
              class="container checkbox"
            >
              <input
                class="checkboxField"
                data-testid="checkbox"
                id="Robby"
                type="checkbox"
                value=""
              />
              <span
                class="checkMark"
              />
              <label
                class="label"
                for="Robby"
              >
                Robby
              </label>
            </div>
          </li>
          <li
            class="option"
          >
            <div
              class="container checkbox"
            >
              <input
                class="checkboxField"
                data-testid="checkbox"
                id="Diane"
                type="checkbox"
                value=""
              />
              <span
                class="checkMark"
              />
              <label
                class="label"
                for="Diane"
              >
                Diane
              </label>
            </div>
          </li>
        </ul>
      </div>
    </div>
  </div>
</DocumentFragment>
`;
