// Jest Snapshot v1, https://goo.gl/fbAQLP

exports[`AddMovieModal renders correctly 1`] = `
<DocumentFragment>
  <button
    class="button"
    data-testid="addMovie"
    tabindex="0"
  >
    + ADD MOVIE
  </button>
</DocumentFragment>
`;

exports[`AddMovieModal renders modal correctly 1`] = `
<DocumentFragment>
  <button
    class="button"
    data-testid="addMovie"
    tabindex="0"
  >
    + ADD MOVIE
  </button>
</DocumentFragment>
`;
